../Core/Src/main.c:66:5:_write	24	static
../Core/Src/main.c:76:6:HAL_UART_RxCpltCallback	16	static
../Core/Src/main.c:91:6:HAL_GPIO_EXTI_Callback	16	static
../Core/Src/main.c:99:6:keypad_init	4	static
../Core/Src/main.c:113:9:keypad_handler	24	static
../Core/Src/main.c:288:5:main	16	static
../Core/Src/main.c:343:6:SystemClock_Config	96	static
../Core/Src/main.c:393:13:MX_USART2_UART_Init	8	static
../Core/Src/main.c:428:13:MX_GPIO_Init	48	static
../Core/Src/main.c:503:6:Error_Handler	4	static,ignoring_inline_asm
