../Core/Src/main.c:75:5:_write	24	static
../Core/Src/main.c:85:6:HAL_UART_RxCpltCallback	16	static
../Core/Src/main.c:93:6:HAL_GPIO_EXTI_Callback	16	static
../Core/Src/main.c:97:6:keypad_init	4	static
../Core/Src/main.c:105:9:keypad_handler	24	static
../Core/Src/main.c:268:5:main	16	static
../Core/Src/main.c:369:6:SystemClock_Config	96	static
../Core/Src/main.c:419:13:MX_I2C1_Init	8	static
../Core/Src/main.c:467:13:MX_USART2_UART_Init	8	static
../Core/Src/main.c:502:13:MX_GPIO_Init	48	static
../Core/Src/main.c:577:6:Error_Handler	4	static,ignoring_inline_asm
